---
source: objdiff-core/tests/arch_x86.rs
expression: output
---
[(Address(0), Normal, 5), (Spacing(4), Normal, 0), (Opcode("mov", 414), Normal, 10), (Argument(Opaque("eax")), Normal, 0), (Basic(","), Normal, 0), (Spacing(1), Normal, 0), (Basic("["), Normal, 0), (Argument(Opaque("esp")), Normal, 0), (Argument(Opaque("+")), Normal, 0), (Argument(Signed(4)), Normal, 0), (Basic("]"), Normal, 0), (Eol, Normal, 0)]
[(Address(4), Normal, 5), (Spacing(4), Normal, 0), (Opcode("dec", 137), Normal, 10), (Argument(Opaque("eax")), Normal, 0), (Eol, Normal, 0)]
[(Address(5), Normal, 5), (Spacing(4), Normal, 0), (Opcode("cmp", 93), Normal, 10), (Argument(Opaque("eax")), Normal, 0), (Basic(","), Normal, 0), (Spacing(1), Normal, 0), (Argument(Unsigned(6)), Normal, 0), (Eol, Normal, 0)]
[(Address(8), Normal, 5), (Spacing(4), Normal, 0), (Opcode("ja", 297), Normal, 10), (Argument(Opaque("short")), Normal, 0), (Spacing(1), Normal, 0), (BranchDest(58), Normal, 0), (Basic(" ~>"), Rotating(0), 0), (Eol, Normal, 0)]
[(Address(10), Normal, 5), (Spacing(4), Normal, 0), (Opcode("jmp", 308), Normal, 10), (Argument(Opaque("dword")), Normal, 0), (Spacing(1), Normal, 0), (Argument(Opaque("ptr")), Normal, 0), (Spacing(1), Normal, 0), (Basic("["), Normal, 0), (Argument(Opaque("eax")), Normal, 0), (Argument(Opaque("*")), Normal, 0), (Argument(Signed(4)), Normal, 0), (Argument(Opaque("+")), Normal, 0), (Symbol(Symbol { name: "$L282", demangled_name: None, address: 60, size: 0, kind: Unknown, section: Some(1), flags: FlagSet(Local), align: None, virtual_address: None }), Bright, 0), (Basic("]"), Normal, 0), (Basic(" ~>"), Rotating(1), 0), (Eol, Normal, 0)]
[(Address(17), Normal, 5), (Basic(" ~> "), Rotating(2), 0), (Opcode("mov", 414), Normal, 10), (Argument(Opaque("eax")), Normal, 0), (Basic(","), Normal, 0), (Spacing(1), Normal, 0), (Argument(Unsigned(8)), Normal, 0), (Eol, Normal, 0)]
[(Address(22), Normal, 5), (Spacing(4), Normal, 0), (Opcode("ret", 662), Normal, 10), (Eol, Normal, 0)]
[(Address(23), Normal, 5), (Basic(" ~> "), Rotating(3), 0), (Opcode("mov", 414), Normal, 10), (Argument(Opaque("eax")), Normal, 0), (Basic(","), Normal, 0), (Spacing(1), Normal, 0), (Argument(Unsigned(7)), Normal, 0), (Eol, Normal, 0)]
[(Address(28), Normal, 5), (Spacing(4), Normal, 0), (Opcode("ret", 662), Normal, 10), (Eol, Normal, 0)]
[(Address(29), Normal, 5), (Basic(" ~> "), Rotating(4), 0), (Opcode("mov", 414), Normal, 10), (Argument(Opaque("eax")), Normal, 0), (Basic(","), Normal, 0), (Spacing(1), Normal, 0), (Argument(Unsigned(6)), Normal, 0), (Eol, Normal, 0)]
[(Address(34), Normal, 5), (Spacing(4), Normal, 0), (Opcode("ret", 662), Normal, 10), (Eol, Normal, 0)]
[(Address(35), Normal, 5), (Basic(" ~> "), Rotating(5), 0), (Opcode("mov", 414), Normal, 10), (Argument(Opaque("eax")), Normal, 0), (Basic(","), Normal, 0), (Spacing(1), Normal, 0), (Argument(Unsigned(5)), Normal, 0), (Eol, Normal, 0)]
[(Address(40), Normal, 5), (Spacing(4), Normal, 0), (Opcode("ret", 662), Normal, 10), (Eol, Normal, 0)]
[(Address(41), Normal, 5), (Basic(" ~> "), Rotating(6), 0), (Opcode("mov", 414), Normal, 10), (Argument(Opaque("eax")), Normal, 0), (Basic(","), Normal, 0), (Spacing(1), Normal, 0), (Argument(Unsigned(4)), Normal, 0), (Eol, Normal, 0)]
[(Address(46), Normal, 5), (Spacing(4), Normal, 0), (Opcode("ret", 662), Normal, 10), (Eol, Normal, 0)]
[(Address(47), Normal, 5), (Basic(" ~> "), Rotating(7), 0), (Opcode("mov", 414), Normal, 10), (Argument(Opaque("eax")), Normal, 0), (Basic(","), Normal, 0), (Spacing(1), Normal, 0), (Argument(Unsigned(3)), Normal, 0), (Eol, Normal, 0)]
[(Address(52), Normal, 5), (Spacing(4), Normal, 0), (Opcode("ret", 662), Normal, 10), (Eol, Normal, 0)]
[(Address(53), Normal, 5), (Basic(" ~> "), Rotating(8), 0), (Opcode("mov", 414), Normal, 10), (Argument(Opaque("eax")), Normal, 0), (Basic(","), Normal, 0), (Spacing(1), Normal, 0), (Argument(Unsigned(2)), Normal, 0), (Eol, Normal, 0)]
[(Address(58), Normal, 5), (Basic(" ~> "), Rotating(0), 0), (Opcode("ret", 662), Normal, 10), (Eol, Normal, 0)]
[(Address(59), Normal, 5), (Spacing(4), Normal, 0), (Opcode("nop", 465), Normal, 10), (Eol, Normal, 0)]
[(Address(60), Normal, 5), (Basic(" ~> "), Rotating(1), 0), (Opcode(".dword", 65534), Normal, 10), (Symbol(Symbol { name: "$L272", demangled_name: None, address: 17, size: 0, kind: Unknown, section: Some(1), flags: FlagSet(Local), align: None, virtual_address: None }), Bright, 0), (Basic(" ~>"), Rotating(2), 0), (Eol, Normal, 0)]
[(Address(64), Normal, 5), (Spacing(4), Normal, 0), (Opcode(".dword", 65534), Normal, 10), (Symbol(Symbol { name: "$L273", demangled_name: None, address: 23, size: 0, kind: Unknown, section: Some(1), flags: FlagSet(Local), align: None, virtual_address: None }), Bright, 0), (Basic(" ~>"), Rotating(3), 0), (Eol, Normal, 0)]
[(Address(68), Normal, 5), (Spacing(4), Normal, 0), (Opcode(".dword", 65534), Normal, 10), (Symbol(Symbol { name: "$L274", demangled_name: None, address: 29, size: 0, kind: Unknown, section: Some(1), flags: FlagSet(Local), align: None, virtual_address: None }), Bright, 0), (Basic(" ~>"), Rotating(4), 0), (Eol, Normal, 0)]
[(Address(72), Normal, 5), (Spacing(4), Normal, 0), (Opcode(".dword", 65534), Normal, 10), (Symbol(Symbol { name: "$L275", demangled_name: None, address: 35, size: 0, kind: Unknown, section: Some(1), flags: FlagSet(Local), align: None, virtual_address: None }), Bright, 0), (Basic(" ~>"), Rotating(5), 0), (Eol, Normal, 0)]
[(Address(76), Normal, 5), (Spacing(4), Normal, 0), (Opcode(".dword", 65534), Normal, 10), (Symbol(Symbol { name: "$L276", demangled_name: None, address: 41, size: 0, kind: Unknown, section: Some(1), flags: FlagSet(Local), align: None, virtual_address: None }), Bright, 0), (Basic(" ~>"), Rotating(6), 0), (Eol, Normal, 0)]
[(Address(80), Normal, 5), (Spacing(4), Normal, 0), (Opcode(".dword", 65534), Normal, 10), (Symbol(Symbol { name: "$L277", demangled_name: None, address: 47, size: 0, kind: Unknown, section: Some(1), flags: FlagSet(Local), align: None, virtual_address: None }), Bright, 0), (Basic(" ~>"), Rotating(7), 0), (Eol, Normal, 0)]
[(Address(84), Normal, 5), (Spacing(4), Normal, 0), (Opcode(".dword", 65534), Normal, 10), (Symbol(Symbol { name: "$L278", demangled_name: None, address: 53, size: 0, kind: Unknown, section: Some(1), flags: FlagSet(Local), align: None, virtual_address: None }), Bright, 0), (Basic(" ~>"), Rotating(8), 0), (Eol, Normal, 0)]
[(Address(88), Normal, 5), (Spacing(4), Normal, 0), (Opcode("nop", 465), Normal, 10), (Eol, Normal, 0)]
[(Address(89), Normal, 5), (Spacing(4), Normal, 0), (Opcode("nop", 465), Normal, 10), (Eol, Normal, 0)]
[(Address(90), Normal, 5), (Spacing(4), Normal, 0), (Opcode("nop", 465), Normal, 10), (Eol, Normal, 0)]
[(Address(91), Normal, 5), (Spacing(4), Normal, 0), (Opcode("nop", 465), Normal, 10), (Eol, Normal, 0)]
[(Address(92), Normal, 5), (Spacing(4), Normal, 0), (Opcode("nop", 465), Normal, 10), (Eol, Normal, 0)]
[(Address(93), Normal, 5), (Spacing(4), Normal, 0), (Opcode("nop", 465), Normal, 10), (Eol, Normal, 0)]
[(Address(94), Normal, 5), (Spacing(4), Normal, 0), (Opcode("nop", 465), Normal, 10), (Eol, Normal, 0)]
[(Address(95), Normal, 5), (Spacing(4), Normal, 0), (Opcode("nop", 465), Normal, 10), (Eol, Normal, 0)]
