---
source: objdiff-core/tests/arch_x86.rs
expression: output
---
[(Address(0), Normal, 5), (Spacing(4), Normal, 0), (Opcode("mov", 414), Normal, 10), (Basic("["), Normal, 0), (Argument(Opaque("rsp")), Normal, 0), (Argument(Opaque("+")), Normal, 0), (Argument(Signed(16)), Normal, 0), (Basic("]"), Normal, 0), (Basic(","), Normal, 0), (Spacing(1), Normal, 0), (Argument(Opaque("rdx")), Normal, 0), (Eol, Normal, 0)]
[(Address(5), Normal, 5), (Spacing(4), Normal, 0), (Opcode("mov", 414), Normal, 10), (Basic("["), Normal, 0), (Argument(Opaque("rsp")), Normal, 0), (Argument(Opaque("+")), Normal, 0), (Argument(Signed(8)), Normal, 0), (Basic("]"), Normal, 0), (Basic(","), Normal, 0), (Spacing(1), Normal, 0), (Argument(Opaque("rcx")), Normal, 0), (Eol, Normal, 0)]
[(Address(10), Normal, 5), (Spacing(4), Normal, 0), (Opcode("push", 640), Normal, 10), (Argument(Opaque("rdi")), Normal, 0), (Eol, Normal, 0)]
[(Address(11), Normal, 5), (Spacing(4), Normal, 0), (Opcode("sub", 740), Normal, 10), (Argument(Opaque("rsp")), Normal, 0), (Basic(","), Normal, 0), (Spacing(1), Normal, 0), (Argument(Unsigned(16)), Normal, 0), (Eol, Normal, 0)]
[(Address(15), Normal, 5), (Spacing(4), Normal, 0), (Opcode("mov", 414), Normal, 10), (Argument(Opaque("rax")), Normal, 0), (Basic(","), Normal, 0), (Spacing(1), Normal, 0), (Basic("["), Normal, 0), (Argument(Opaque("rsp")), Normal, 0), (Argument(Opaque("+")), Normal, 0), (Argument(Signed(32)), Normal, 0), (Basic("]"), Normal, 0), (Eol, Normal, 0)]
[(Address(20), Normal, 5), (Spacing(4), Normal, 0), (Opcode("mov", 414), Normal, 10), (Argument(Opaque("rcx")), Normal, 0), (Basic(","), Normal, 0), (Spacing(1), Normal, 0), (Basic("["), Normal, 0), (Argument(Opaque("rsp")), Normal, 0), (Argument(Opaque("+")), Normal, 0), (Argument(Signed(40)), Normal, 0), (Basic("]"), Normal, 0), (Eol, Normal, 0)]
[(Address(25), Normal, 5), (Spacing(4), Normal, 0), (Opcode("movss", 448), Normal, 10), (Argument(Opaque("xmm0")), Normal, 0), (Basic(","), Normal, 0), (Spacing(1), Normal, 0), (Basic("["), Normal, 0), (Argument(Opaque("rax")), Normal, 0), (Basic("]"), Normal, 0), (Eol, Normal, 0)]
[(Address(29), Normal, 5), (Spacing(4), Normal, 0), (Opcode("mulss", 460), Normal, 10), (Argument(Opaque("xmm0")), Normal, 0), (Basic(","), Normal, 0), (Spacing(1), Normal, 0), (Basic("["), Normal, 0), (Argument(Opaque("rcx")), Normal, 0), (Basic("]"), Normal, 0), (Eol, Normal, 0)]
[(Address(33), Normal, 5), (Spacing(4), Normal, 0), (Opcode("mov", 414), Normal, 10), (Argument(Opaque("rax")), Normal, 0), (Basic(","), Normal, 0), (Spacing(1), Normal, 0), (Basic("["), Normal, 0), (Argument(Opaque("rsp")), Normal, 0), (Argument(Opaque("+")), Normal, 0), (Argument(Signed(32)), Normal, 0), (Basic("]"), Normal, 0), (Eol, Normal, 0)]
[(Address(38), Normal, 5), (Spacing(4), Normal, 0), (Opcode("mov", 414), Normal, 10), (Argument(Opaque("rcx")), Normal, 0), (Basic(","), Normal, 0), (Spacing(1), Normal, 0), (Basic("["), Normal, 0), (Argument(Opaque("rsp")), Normal, 0), (Argument(Opaque("+")), Normal, 0), (Argument(Signed(40)), Normal, 0), (Basic("]"), Normal, 0), (Eol, Normal, 0)]
[(Address(43), Normal, 5), (Spacing(4), Normal, 0), (Opcode("movss", 448), Normal, 10), (Argument(Opaque("xmm1")), Normal, 0), (Basic(","), Normal, 0), (Spacing(1), Normal, 0), (Basic("["), Normal, 0), (Argument(Opaque("rax")), Normal, 0), (Argument(Opaque("+")), Normal, 0), (Argument(Signed(4)), Normal, 0), (Basic("]"), Normal, 0), (Eol, Normal, 0)]
[(Address(48), Normal, 5), (Spacing(4), Normal, 0), (Opcode("mulss", 460), Normal, 10), (Argument(Opaque("xmm1")), Normal, 0), (Basic(","), Normal, 0), (Spacing(1), Normal, 0), (Basic("["), Normal, 0), (Argument(Opaque("rcx")), Normal, 0), (Argument(Opaque("+")), Normal, 0), (Argument(Signed(4)), Normal, 0), (Basic("]"), Normal, 0), (Eol, Normal, 0)]
[(Address(53), Normal, 5), (Spacing(4), Normal, 0), (Opcode("addss", 11), Normal, 10), (Argument(Opaque("xmm0")), Normal, 0), (Basic(","), Normal, 0), (Spacing(1), Normal, 0), (Argument(Opaque("xmm1")), Normal, 0), (Eol, Normal, 0)]
[(Address(57), Normal, 5), (Spacing(4), Normal, 0), (Opcode("mov", 414), Normal, 10), (Argument(Opaque("rax")), Normal, 0), (Basic(","), Normal, 0), (Spacing(1), Normal, 0), (Basic("["), Normal, 0), (Argument(Opaque("rsp")), Normal, 0), (Argument(Opaque("+")), Normal, 0), (Argument(Signed(32)), Normal, 0), (Basic("]"), Normal, 0), (Eol, Normal, 0)]
[(Address(62), Normal, 5), (Spacing(4), Normal, 0), (Opcode("mov", 414), Normal, 10), (Argument(Opaque("rcx")), Normal, 0), (Basic(","), Normal, 0), (Spacing(1), Normal, 0), (Basic("["), Normal, 0), (Argument(Opaque("rsp")), Normal, 0), (Argument(Opaque("+")), Normal, 0), (Argument(Signed(40)), Normal, 0), (Basic("]"), Normal, 0), (Eol, Normal, 0)]
[(Address(67), Normal, 5), (Spacing(4), Normal, 0), (Opcode("movss", 448), Normal, 10), (Argument(Opaque("xmm1")), Normal, 0), (Basic(","), Normal, 0), (Spacing(1), Normal, 0), (Basic("["), Normal, 0), (Argument(Opaque("rax")), Normal, 0), (Argument(Opaque("+")), Normal, 0), (Argument(Signed(8)), Normal, 0), (Basic("]"), Normal, 0), (Eol, Normal, 0)]
[(Address(72), Normal, 5), (Spacing(4), Normal, 0), (Opcode("mulss", 460), Normal, 10), (Argument(Opaque("xmm1")), Normal, 0), (Basic(","), Normal, 0), (Spacing(1), Normal, 0), (Basic("["), Normal, 0), (Argument(Opaque("rcx")), Normal, 0), (Argument(Opaque("+")), Normal, 0), (Argument(Signed(8)), Normal, 0), (Basic("]"), Normal, 0), (Eol, Normal, 0)]
[(Address(77), Normal, 5), (Spacing(4), Normal, 0), (Opcode("addss", 11), Normal, 10), (Argument(Opaque("xmm0")), Normal, 0), (Basic(","), Normal, 0), (Spacing(1), Normal, 0), (Argument(Opaque("xmm1")), Normal, 0), (Eol, Normal, 0)]
[(Address(81), Normal, 5), (Spacing(4), Normal, 0), (Opcode("add", 7), Normal, 10), (Argument(Opaque("rsp")), Normal, 0), (Basic(","), Normal, 0), (Spacing(1), Normal, 0), (Argument(Unsigned(16)), Normal, 0), (Eol, Normal, 0)]
[(Address(85), Normal, 5), (Spacing(4), Normal, 0), (Opcode("pop", 590), Normal, 10), (Argument(Opaque("rdi")), Normal, 0), (Eol, Normal, 0)]
[(Address(86), Normal, 5), (Spacing(4), Normal, 0), (Opcode("ret", 662), Normal, 10), (Eol, Normal, 0)]
